[INFO] Scanning for projects...
[INFO] 
[INFO] -----------------< com.mealmaster:mealmaster-backend >------------------
[INFO] Building mealmaster-backend 0.0.1-SNAPSHOT
[INFO]   from pom.xml
[INFO] --------------------------------[ jar ]---------------------------------
[INFO] 
[INFO] >>> spring-boot:3.2.0:run (default-cli) > test-compile @ mealmaster-backend >>>
[WARNING] The artifact mysql:mysql-connector-java:jar:8.0.33 has been relocated to com.mysql:mysql-connector-j:jar:8.0.33: MySQL Connector/J artifacts moved to reverse-DNS compliant Maven 2+ coordinates.
[INFO] 
[INFO] --- resources:3.3.1:resources (default-resources) @ mealmaster-backend ---
[INFO] Copying 1 resource from src/main/resources to target/classes
[INFO] Copying 0 resource from src/main/resources to target/classes
[INFO] 
[INFO] --- compiler:3.11.0:compile (default-compile) @ mealmaster-backend ---
[INFO] Nothing to compile - all classes are up to date
[INFO] 
[INFO] --- resources:3.3.1:testResources (default-testResources) @ mealmaster-backend ---
[INFO] skip non existing resourceDirectory /Users/chetan/Downloads/project/mmv1/mealmaster-backend/src/test/resources
[INFO] 
[INFO] --- compiler:3.11.0:testCompile (default-testCompile) @ mealmaster-backend ---
[INFO] No sources to compile
[INFO] 
[INFO] <<< spring-boot:3.2.0:run (default-cli) < test-compile @ mealmaster-backend <<<
[INFO] 
[INFO] 
[INFO] --- spring-boot:3.2.0:run (default-cli) @ mealmaster-backend ---
[INFO] Attaching agents: []

  .   ____          _            __ _ _
 /\\ / ___'_ __ _ _(_)_ __  __ _ \ \ \ \
( ( )\___ | '_ | '_| | '_ \/ _` | \ \ \ \
 \\/  ___)| |_)| | | | | || (_| |  ) ) ) )
  '  |____| .__|_| |_|_| |_\__, | / / / /
 =========|_|==============|___/=/_/_/_/
 :: Spring Boot ::                (v3.2.0)

2026-01-30T00:37:27.267+05:30  INFO 52144 --- [mealmaster-backend] [           main] c.m.b.MealMasterBackendApplication       : Starting MealMasterBackendApplication using Java 21.0.8 with PID 52144 (/Users/chetan/Downloads/project/mmv1/mealmaster-backend/target/classes started by chetan in /Users/chetan/Downloads/project/mmv1/mealmaster-backend)
2026-01-30T00:37:27.268+05:30 DEBUG 52144 --- [mealmaster-backend] [           main] c.m.b.MealMasterBackendApplication       : Running with Spring Boot v3.2.0, Spring v6.1.1
2026-01-30T00:37:27.268+05:30  INFO 52144 --- [mealmaster-backend] [           main] c.m.b.MealMasterBackendApplication       : No active profile set, falling back to 1 default profile: "default"
2026-01-30T00:37:27.572+05:30  INFO 52144 --- [mealmaster-backend] [           main] .s.d.r.c.RepositoryConfigurationDelegate : Bootstrapping Spring Data JPA repositories in DEFAULT mode.
2026-01-30T00:37:27.594+05:30  INFO 52144 --- [mealmaster-backend] [           main] .s.d.r.c.RepositoryConfigurationDelegate : Finished Spring Data repository scanning in 19 ms. Found 5 JPA repository interfaces.
2026-01-30T00:37:27.882+05:30  INFO 52144 --- [mealmaster-backend] [           main] o.s.b.w.embedded.tomcat.TomcatWebServer  : Tomcat initialized with port 9090 (http)
2026-01-30T00:37:27.885+05:30  INFO 52144 --- [mealmaster-backend] [           main] o.apache.catalina.core.StandardService   : Starting service [Tomcat]
2026-01-30T00:37:27.886+05:30  INFO 52144 --- [mealmaster-backend] [           main] o.apache.catalina.core.StandardEngine    : Starting Servlet engine: [Apache Tomcat/10.1.16]
2026-01-30T00:37:27.904+05:30  INFO 52144 --- [mealmaster-backend] [           main] o.a.c.c.C.[Tomcat].[localhost].[/]       : Initializing Spring embedded WebApplicationContext
2026-01-30T00:37:27.904+05:30  INFO 52144 --- [mealmaster-backend] [           main] w.s.c.ServletWebServerApplicationContext : Root WebApplicationContext: initialization completed in 623 ms
2026-01-30T00:37:28.032+05:30  INFO 52144 --- [mealmaster-backend] [           main] o.hibernate.jpa.internal.util.LogHelper  : HHH000204: Processing PersistenceUnitInfo [name: default]
2026-01-30T00:37:28.050+05:30  INFO 52144 --- [mealmaster-backend] [           main] org.hibernate.Version                    : HHH000412: Hibernate ORM core version 6.3.1.Final
2026-01-30T00:37:28.061+05:30  INFO 52144 --- [mealmaster-backend] [           main] o.h.c.internal.RegionFactoryInitiator    : HHH000026: Second-level cache disabled
2026-01-30T00:37:28.136+05:30  INFO 52144 --- [mealmaster-backend] [           main] o.s.o.j.p.SpringPersistenceUnitInfo      : No LoadTimeWeaver setup: ignoring JPA class transformer
2026-01-30T00:37:28.145+05:30  INFO 52144 --- [mealmaster-backend] [           main] com.zaxxer.hikari.HikariDataSource       : HikariPool-1 - Starting...
2026-01-30T00:37:28.283+05:30  INFO 52144 --- [mealmaster-backend] [           main] com.zaxxer.hikari.pool.HikariPool        : HikariPool-1 - Added connection com.mysql.cj.jdbc.ConnectionImpl@66b40dd3
2026-01-30T00:37:28.284+05:30  INFO 52144 --- [mealmaster-backend] [           main] com.zaxxer.hikari.HikariDataSource       : HikariPool-1 - Start completed.
2026-01-30T00:37:28.305+05:30  WARN 52144 --- [mealmaster-backend] [           main] org.hibernate.orm.deprecation            : HHH90000025: MySQLDialect does not need to be specified explicitly using 'hibernate.dialect' (remove the property setting and it will be selected by default)
2026-01-30T00:37:28.698+05:30  INFO 52144 --- [mealmaster-backend] [           main] o.h.e.t.j.p.i.JtaPlatformInitiator       : HHH000489: No JTA platform available (set 'hibernate.transaction.jta.platform' to enable JTA platform integration)
2026-01-30T00:37:28.749+05:30  INFO 52144 --- [mealmaster-backend] [           main] j.LocalContainerEntityManagerFactoryBean : Initialized JPA EntityManagerFactory for persistence unit 'default'
2026-01-30T00:37:28.949+05:30  INFO 52144 --- [mealmaster-backend] [           main] o.s.d.j.r.query.QueryEnhancerFactory     : Hibernate is in classpath; If applicable, HQL parser will be used.
2026-01-30T00:37:29.223+05:30  WARN 52144 --- [mealmaster-backend] [           main] .s.s.UserDetailsServiceAutoConfiguration : 

Using generated security password: 1109bbf9-94f5-495f-94a3-9371a7a5e604

This generated password is for development use only. Your security configuration must be updated before running your application in production.

2026-01-30T00:37:29.425+05:30  INFO 52144 --- [mealmaster-backend] [           main] o.s.b.a.e.web.EndpointLinksResolver      : Exposing 1 endpoint(s) beneath base path '/actuator'
2026-01-30T00:37:29.454+05:30  INFO 52144 --- [mealmaster-backend] [           main] o.s.s.web.DefaultSecurityFilterChain     : Will secure any request with [org.springframework.security.web.session.DisableEncodeUrlFilter@4746d52d, org.springframework.security.web.context.request.async.WebAsyncManagerIntegrationFilter@4d0927df, org.springframework.security.web.context.SecurityContextHolderFilter@2b35976a, org.springframework.security.web.header.HeaderWriterFilter@2de57397, org.springframework.web.filter.CorsFilter@1b0e81b3, org.springframework.security.web.authentication.logout.LogoutFilter@178826db, org.springframework.security.web.savedrequest.RequestCacheAwareFilter@67a6f2c4, org.springframework.security.web.servletapi.SecurityContextHolderAwareRequestFilter@1ca2d595, org.springframework.security.web.authentication.AnonymousAuthenticationFilter@59da32ad, org.springframework.security.web.session.SessionManagementFilter@6ff5eeed, org.springframework.security.web.access.ExceptionTranslationFilter@3f02dc34, org.springframework.security.web.access.intercept.AuthorizationFilter@685efb22]
2026-01-30T00:37:29.633+05:30  INFO 52144 --- [mealmaster-backend] [           main] o.s.b.w.embedded.tomcat.TomcatWebServer  : Tomcat started on port 9090 (http) with context path ''
2026-01-30T00:37:29.639+05:30  INFO 52144 --- [mealmaster-backend] [           main] c.m.b.MealMasterBackendApplication       : Started MealMasterBackendApplication in 2.491 seconds (process running for 2.61)
Hibernate: select u1_0.id from users u1_0 where u1_0.email=? limit ?
Hibernate: select u1_0.id from users u1_0 where u1_0.email=? limit ?
Hibernate: select u1_0.id from users u1_0 where u1_0.email=? limit ?
Hibernate: select count(*) from subscriptions s1_0
2026-01-30T00:39:00.816+05:30  INFO 52144 --- [mealmaster-backend] [nio-9090-exec-1] o.a.c.c.C.[Tomcat].[localhost].[/]       : Initializing Spring DispatcherServlet 'dispatcherServlet'
2026-01-30T00:39:00.816+05:30  INFO 52144 --- [mealmaster-backend] [nio-9090-exec-1] o.s.web.servlet.DispatcherServlet        : Initializing Servlet 'dispatcherServlet'
2026-01-30T00:39:00.817+05:30  INFO 52144 --- [mealmaster-backend] [nio-9090-exec-1] o.s.web.servlet.DispatcherServlet        : Completed initialization in 1 ms
2026-01-30T00:39:00.835+05:30  WARN 52144 --- [mealmaster-backend] [nio-9090-exec-2] o.s.w.s.h.HandlerMappingIntrospector     : Cache miss for REQUEST dispatch to '/api/subscriptions/1' (previous null). Performing MatchableHandlerMapping lookup. This is logged once only at WARN level, and every time at TRACE.
Fetching reviews for subscription ID: 1
Hibernate: select s1_0.id,s1_0.city,s1_0.day1,s1_0.day2,s1_0.day3,s1_0.day4,s1_0.day5,s1_0.day6,s1_0.day7,s1_0.description,s1_0.image_url,s1_0.name,s1_0.plan_type,s1_0.price15,s1_0.price30,s1_0.price7,v1_0.id,v1_0.address_line,v1_0.city,v1_0.email,v1_0.mobile,v1_0.name,v1_0.password,v1_0.pincode,v1_0.role,v1_0.state from subscriptions s1_0 left join users v1_0 on v1_0.id=s1_0.vendor_id where s1_0.id=?
Hibernate: select r1_0.id,r1_0.comment,r1_0.created_at,r1_0.food_image_url,r1_0.rating,r1_0.subscription_id,r1_0.user_id from reviews r1_0 where r1_0.subscription_id=? order by r1_0.created_at desc
Found 0 reviews
Fetching reviews for subscription ID: 1
Hibernate: select r1_0.id,r1_0.comment,r1_0.created_at,r1_0.food_image_url,r1_0.rating,r1_0.subscription_id,r1_0.user_id from reviews r1_0 where r1_0.subscription_id=? order by r1_0.created_at desc
Found 0 reviews
Hibernate: select s1_0.id,s1_0.city,s1_0.day1,s1_0.day2,s1_0.day3,s1_0.day4,s1_0.day5,s1_0.day6,s1_0.day7,s1_0.description,s1_0.image_url,s1_0.name,s1_0.plan_type,s1_0.price15,s1_0.price30,s1_0.price7,v1_0.id,v1_0.address_line,v1_0.city,v1_0.email,v1_0.mobile,v1_0.name,v1_0.password,v1_0.pincode,v1_0.role,v1_0.state from subscriptions s1_0 left join users v1_0 on v1_0.id=s1_0.vendor_id where s1_0.id=?
Hibernate: select u1_0.id,u1_0.address_line,u1_0.city,u1_0.email,u1_0.mobile,u1_0.name,u1_0.password,u1_0.pincode,u1_0.role,u1_0.state from users u1_0 where u1_0.email=?
Creating order for user: 2 (user@mealmaster.com)
Hibernate: select s1_0.id,s1_0.city,s1_0.day1,s1_0.day2,s1_0.day3,s1_0.day4,s1_0.day5,s1_0.day6,s1_0.day7,s1_0.description,s1_0.image_url,s1_0.name,s1_0.plan_type,s1_0.price15,s1_0.price30,s1_0.price7,v1_0.id,v1_0.address_line,v1_0.city,v1_0.email,v1_0.mobile,v1_0.name,v1_0.password,v1_0.pincode,v1_0.role,v1_0.state from subscriptions s1_0 left join users v1_0 on v1_0.id=s1_0.vendor_id where s1_0.id=?
Processing order for: user@mealmaster.com
Request Coords: Lat=19.079325489073923, Lng=73.07513636063491
Hibernate: insert into orders (address_line,amount,city,duration,end_date,latitude,longitude,order_date,payment_status,pincode,razorpay_order_id,razorpay_payment_id,start_date,state,status,subscription_id,user_id) values (?,?,?,?,?,?,?,?,?,?,?,?,?,?,?,?,?)
Processing payment request for order ID: 1
Hibernate: select o1_0.id,o1_0.address_line,o1_0.amount,o1_0.city,o1_0.duration,o1_0.end_date,o1_0.latitude,o1_0.longitude,o1_0.order_date,o1_0.payment_status,o1_0.pincode,o1_0.razorpay_order_id,o1_0.razorpay_payment_id,o1_0.start_date,o1_0.state,o1_0.status,s1_0.id,s1_0.city,s1_0.day1,s1_0.day2,s1_0.day3,s1_0.day4,s1_0.day5,s1_0.day6,s1_0.day7,s1_0.description,s1_0.image_url,s1_0.name,s1_0.plan_type,s1_0.price15,s1_0.price30,s1_0.price7,v1_0.id,v1_0.address_line,v1_0.city,v1_0.email,v1_0.mobile,v1_0.name,v1_0.password,v1_0.pincode,v1_0.role,v1_0.state,o1_0.user_id,u1_0.id,u1_0.address_line,u1_0.city,u1_0.email,u1_0.mobile,u1_0.name,u1_0.password,u1_0.pincode,u1_0.role,u1_0.state from orders o1_0 left join subscriptions s1_0 on s1_0.id=o1_0.subscription_id left join users v1_0 on v1_0.id=s1_0.vendor_id join users u1_0 on u1_0.id=o1_0.user_id where o1_0.id=?
Order amount: 700.00
Using Razorpay Key: rzp_test_S8xqr4xZwX5ngT
Hibernate: select o1_0.id,o1_0.address_line,o1_0.amount,o1_0.city,o1_0.duration,o1_0.end_date,o1_0.latitude,o1_0.longitude,o1_0.order_date,o1_0.payment_status,o1_0.pincode,o1_0.razorpay_order_id,o1_0.razorpay_payment_id,o1_0.start_date,o1_0.state,o1_0.status,s1_0.id,s1_0.city,s1_0.day1,s1_0.day2,s1_0.day3,s1_0.day4,s1_0.day5,s1_0.day6,s1_0.day7,s1_0.description,s1_0.image_url,s1_0.name,s1_0.plan_type,s1_0.price15,s1_0.price30,s1_0.price7,v1_0.id,v1_0.address_line,v1_0.city,v1_0.email,v1_0.mobile,v1_0.name,v1_0.password,v1_0.pincode,v1_0.role,v1_0.state,o1_0.user_id,u1_0.id,u1_0.address_line,u1_0.city,u1_0.email,u1_0.mobile,u1_0.name,u1_0.password,u1_0.pincode,u1_0.role,u1_0.state from orders o1_0 left join subscriptions s1_0 on s1_0.id=o1_0.subscription_id left join users v1_0 on v1_0.id=s1_0.vendor_id join users u1_0 on u1_0.id=o1_0.user_id where o1_0.id=?
Hibernate: update orders set address_line=?,amount=?,city=?,duration=?,end_date=?,latitude=?,longitude=?,order_date=?,payment_status=?,pincode=?,razorpay_order_id=?,razorpay_payment_id=?,start_date=?,state=?,status=?,subscription_id=?,user_id=? where id=?
Hibernate: select o1_0.id,o1_0.address_line,o1_0.amount,o1_0.city,o1_0.duration,o1_0.end_date,o1_0.latitude,o1_0.longitude,o1_0.order_date,o1_0.payment_status,o1_0.pincode,o1_0.razorpay_order_id,o1_0.razorpay_payment_id,o1_0.start_date,o1_0.state,o1_0.status,s1_0.id,s1_0.city,s1_0.day1,s1_0.day2,s1_0.day3,s1_0.day4,s1_0.day5,s1_0.day6,s1_0.day7,s1_0.description,s1_0.image_url,s1_0.name,s1_0.plan_type,s1_0.price15,s1_0.price30,s1_0.price7,v1_0.id,v1_0.address_line,v1_0.city,v1_0.email,v1_0.mobile,v1_0.name,v1_0.password,v1_0.pincode,v1_0.role,v1_0.state,o1_0.user_id,u1_0.id,u1_0.address_line,u1_0.city,u1_0.email,u1_0.mobile,u1_0.name,u1_0.password,u1_0.pincode,u1_0.role,u1_0.state from orders o1_0 left join subscriptions s1_0 on s1_0.id=o1_0.subscription_id left join users v1_0 on v1_0.id=s1_0.vendor_id join users u1_0 on u1_0.id=o1_0.user_id where o1_0.id=?
Hibernate: select o1_0.id,o1_0.address_line,o1_0.amount,o1_0.city,o1_0.duration,o1_0.end_date,o1_0.latitude,o1_0.longitude,o1_0.order_date,o1_0.payment_status,o1_0.pincode,o1_0.razorpay_order_id,o1_0.razorpay_payment_id,o1_0.start_date,o1_0.state,o1_0.status,s1_0.id,s1_0.city,s1_0.day1,s1_0.day2,s1_0.day3,s1_0.day4,s1_0.day5,s1_0.day6,s1_0.day7,s1_0.description,s1_0.image_url,s1_0.name,s1_0.plan_type,s1_0.price15,s1_0.price30,s1_0.price7,v1_0.id,v1_0.address_line,v1_0.city,v1_0.email,v1_0.mobile,v1_0.name,v1_0.password,v1_0.pincode,v1_0.role,v1_0.state,o1_0.user_id,u1_0.id,u1_0.address_line,u1_0.city,u1_0.email,u1_0.mobile,u1_0.name,u1_0.password,u1_0.pincode,u1_0.role,u1_0.state from orders o1_0 left join subscriptions s1_0 on s1_0.id=o1_0.subscription_id left join users v1_0 on v1_0.id=s1_0.vendor_id join users u1_0 on u1_0.id=o1_0.user_id where o1_0.id=?
Hibernate: update orders set address_line=?,amount=?,city=?,duration=?,end_date=?,latitude=?,longitude=?,order_date=?,payment_status=?,pincode=?,razorpay_order_id=?,razorpay_payment_id=?,start_date=?,state=?,status=?,subscription_id=?,user_id=? where id=?
Generating receipt for order ID: 1
Hibernate: select o1_0.id,o1_0.address_line,o1_0.amount,o1_0.city,o1_0.duration,o1_0.end_date,o1_0.latitude,o1_0.longitude,o1_0.order_date,o1_0.payment_status,o1_0.pincode,o1_0.razorpay_order_id,o1_0.razorpay_payment_id,o1_0.start_date,o1_0.state,o1_0.status,s1_0.id,s1_0.city,s1_0.day1,s1_0.day2,s1_0.day3,s1_0.day4,s1_0.day5,s1_0.day6,s1_0.day7,s1_0.description,s1_0.image_url,s1_0.name,s1_0.plan_type,s1_0.price15,s1_0.price30,s1_0.price7,v1_0.id,v1_0.address_line,v1_0.city,v1_0.email,v1_0.mobile,v1_0.name,v1_0.password,v1_0.pincode,v1_0.role,v1_0.state,o1_0.user_id,u1_0.id,u1_0.address_line,u1_0.city,u1_0.email,u1_0.mobile,u1_0.name,u1_0.password,u1_0.pincode,u1_0.role,u1_0.state from orders o1_0 left join subscriptions s1_0 on s1_0.id=o1_0.subscription_id left join users v1_0 on v1_0.id=s1_0.vendor_id join users u1_0 on u1_0.id=o1_0.user_id where o1_0.id=?
Hibernate: select u1_0.id,u1_0.address_line,u1_0.city,u1_0.email,u1_0.mobile,u1_0.name,u1_0.password,u1_0.pincode,u1_0.role,u1_0.state from users u1_0 where u1_0.email=?
Hibernate: select o1_0.id,o1_0.address_line,o1_0.amount,o1_0.city,o1_0.duration,o1_0.end_date,o1_0.latitude,o1_0.longitude,o1_0.order_date,o1_0.payment_status,o1_0.pincode,o1_0.razorpay_order_id,o1_0.razorpay_payment_id,o1_0.start_date,o1_0.state,o1_0.status,o1_0.subscription_id,o1_0.user_id from orders o1_0 where o1_0.user_id=?
Hibernate: select s1_0.id,s1_0.city,s1_0.day1,s1_0.day2,s1_0.day3,s1_0.day4,s1_0.day5,s1_0.day6,s1_0.day7,s1_0.description,s1_0.image_url,s1_0.name,s1_0.plan_type,s1_0.price15,s1_0.price30,s1_0.price7,v1_0.id,v1_0.address_line,v1_0.city,v1_0.email,v1_0.mobile,v1_0.name,v1_0.password,v1_0.pincode,v1_0.role,v1_0.state from subscriptions s1_0 left join users v1_0 on v1_0.id=s1_0.vendor_id where s1_0.id=?
Hibernate: select u1_0.id,u1_0.address_line,u1_0.city,u1_0.email,u1_0.mobile,u1_0.name,u1_0.password,u1_0.pincode,u1_0.role,u1_0.state from users u1_0 where u1_0.id=?
Found 1 orders for user: user@mealmaster.com
Hibernate: select u1_0.id,u1_0.address_line,u1_0.city,u1_0.email,u1_0.mobile,u1_0.name,u1_0.password,u1_0.pincode,u1_0.role,u1_0.state from users u1_0 where u1_0.email=?
Hibernate: select o1_0.id,o1_0.address_line,o1_0.amount,o1_0.city,o1_0.duration,o1_0.end_date,o1_0.latitude,o1_0.longitude,o1_0.order_date,o1_0.payment_status,o1_0.pincode,o1_0.razorpay_order_id,o1_0.razorpay_payment_id,o1_0.start_date,o1_0.state,o1_0.status,o1_0.subscription_id,o1_0.user_id from orders o1_0 where o1_0.user_id=?
Hibernate: select s1_0.id,s1_0.city,s1_0.day1,s1_0.day2,s1_0.day3,s1_0.day4,s1_0.day5,s1_0.day6,s1_0.day7,s1_0.description,s1_0.image_url,s1_0.name,s1_0.plan_type,s1_0.price15,s1_0.price30,s1_0.price7,v1_0.id,v1_0.address_line,v1_0.city,v1_0.email,v1_0.mobile,v1_0.name,v1_0.password,v1_0.pincode,v1_0.role,v1_0.state from subscriptions s1_0 left join users v1_0 on v1_0.id=s1_0.vendor_id where s1_0.id=?
Hibernate: select u1_0.id,u1_0.address_line,u1_0.city,u1_0.email,u1_0.mobile,u1_0.name,u1_0.password,u1_0.pincode,u1_0.role,u1_0.state from users u1_0 where u1_0.id=?
Found 1 orders for user: user@mealmaster.com
Hibernate: select u1_0.id,u1_0.address_line,u1_0.city,u1_0.email,u1_0.mobile,u1_0.name,u1_0.password,u1_0.pincode,u1_0.role,u1_0.state from users u1_0 where u1_0.email=?
Hibernate: select o1_0.id,o1_0.address_line,o1_0.amount,o1_0.city,o1_0.duration,o1_0.end_date,o1_0.latitude,o1_0.longitude,o1_0.order_date,o1_0.payment_status,o1_0.pincode,o1_0.razorpay_order_id,o1_0.razorpay_payment_id,o1_0.start_date,o1_0.state,o1_0.status,o1_0.subscription_id,o1_0.user_id from orders o1_0 join subscriptions s1_0 on s1_0.id=o1_0.subscription_id where s1_0.vendor_id=?
Hibernate: select s1_0.id,s1_0.city,s1_0.day1,s1_0.day2,s1_0.day3,s1_0.day4,s1_0.day5,s1_0.day6,s1_0.day7,s1_0.description,s1_0.image_url,s1_0.name,s1_0.plan_type,s1_0.price15,s1_0.price30,s1_0.price7,v1_0.id,v1_0.address_line,v1_0.city,v1_0.email,v1_0.mobile,v1_0.name,v1_0.password,v1_0.pincode,v1_0.role,v1_0.state from subscriptions s1_0 left join users v1_0 on v1_0.id=s1_0.vendor_id where s1_0.id=?
Hibernate: select u1_0.id,u1_0.address_line,u1_0.city,u1_0.email,u1_0.mobile,u1_0.name,u1_0.password,u1_0.pincode,u1_0.role,u1_0.state from users u1_0 where u1_0.id=?
Vendor: vendor@mealmaster.com fetched 1 orders.
Order ID: 1 - Lat: 19.079325489073923, Lng: 73.07513636063491
Hibernate: select u1_0.id,u1_0.address_line,u1_0.city,u1_0.email,u1_0.mobile,u1_0.name,u1_0.password,u1_0.pincode,u1_0.role,u1_0.state from users u1_0 where u1_0.email=?
Hibernate: select o1_0.id,o1_0.address_line,o1_0.amount,o1_0.city,o1_0.duration,o1_0.end_date,o1_0.latitude,o1_0.longitude,o1_0.order_date,o1_0.payment_status,o1_0.pincode,o1_0.razorpay_order_id,o1_0.razorpay_payment_id,o1_0.start_date,o1_0.state,o1_0.status,o1_0.subscription_id,o1_0.user_id from orders o1_0 join subscriptions s1_0 on s1_0.id=o1_0.subscription_id where s1_0.vendor_id=?
Hibernate: select s1_0.id,s1_0.city,s1_0.day1,s1_0.day2,s1_0.day3,s1_0.day4,s1_0.day5,s1_0.day6,s1_0.day7,s1_0.description,s1_0.image_url,s1_0.name,s1_0.plan_type,s1_0.price15,s1_0.price30,s1_0.price7,v1_0.id,v1_0.address_line,v1_0.city,v1_0.email,v1_0.mobile,v1_0.name,v1_0.password,v1_0.pincode,v1_0.role,v1_0.state from subscriptions s1_0 left join users v1_0 on v1_0.id=s1_0.vendor_id where s1_0.id=?
Hibernate: select u1_0.id,u1_0.address_line,u1_0.city,u1_0.email,u1_0.mobile,u1_0.name,u1_0.password,u1_0.pincode,u1_0.role,u1_0.state from users u1_0 where u1_0.id=?
Vendor: vendor@mealmaster.com fetched 1 orders.
Order ID: 1 - Lat: 19.079325489073923, Lng: 73.07513636063491
Hibernate: select u1_0.id,u1_0.address_line,u1_0.city,u1_0.email,u1_0.mobile,u1_0.name,u1_0.password,u1_0.pincode,u1_0.role,u1_0.state from users u1_0 where u1_0.email=?
Hibernate: select s1_0.id,s1_0.city,s1_0.day1,s1_0.day2,s1_0.day3,s1_0.day4,s1_0.day5,s1_0.day6,s1_0.day7,s1_0.description,s1_0.image_url,s1_0.name,s1_0.plan_type,s1_0.price15,s1_0.price30,s1_0.price7,s1_0.vendor_id from subscriptions s1_0 where s1_0.vendor_id=?
Hibernate: select u1_0.id,u1_0.address_line,u1_0.city,u1_0.email,u1_0.mobile,u1_0.name,u1_0.password,u1_0.pincode,u1_0.role,u1_0.state from users u1_0 where u1_0.id=?
Found 1 subscriptions for vendor: vendor@mealmaster.com
Hibernate: select u1_0.id,u1_0.address_line,u1_0.city,u1_0.email,u1_0.mobile,u1_0.name,u1_0.password,u1_0.pincode,u1_0.role,u1_0.state from users u1_0 where u1_0.email=?
Hibernate: select s1_0.id,s1_0.city,s1_0.day1,s1_0.day2,s1_0.day3,s1_0.day4,s1_0.day5,s1_0.day6,s1_0.day7,s1_0.description,s1_0.image_url,s1_0.name,s1_0.plan_type,s1_0.price15,s1_0.price30,s1_0.price7,s1_0.vendor_id from subscriptions s1_0 where s1_0.vendor_id=?
Hibernate: select u1_0.id,u1_0.address_line,u1_0.city,u1_0.email,u1_0.mobile,u1_0.name,u1_0.password,u1_0.pincode,u1_0.role,u1_0.state from users u1_0 where u1_0.id=?
Found 1 subscriptions for vendor: vendor@mealmaster.com
Hibernate: select s1_0.id,s1_0.city,s1_0.day1,s1_0.day2,s1_0.day3,s1_0.day4,s1_0.day5,s1_0.day6,s1_0.day7,s1_0.description,s1_0.image_url,s1_0.name,s1_0.plan_type,s1_0.price15,s1_0.price30,s1_0.price7,s1_0.vendor_id from subscriptions s1_0 where upper(s1_0.city)=upper(?)
Hibernate: select s1_0.id,s1_0.city,s1_0.day1,s1_0.day2,s1_0.day3,s1_0.day4,s1_0.day5,s1_0.day6,s1_0.day7,s1_0.description,s1_0.image_url,s1_0.name,s1_0.plan_type,s1_0.price15,s1_0.price30,s1_0.price7,s1_0.vendor_id from subscriptions s1_0 where upper(s1_0.city)=upper(?)
Hibernate: select u1_0.id,u1_0.address_line,u1_0.city,u1_0.email,u1_0.mobile,u1_0.name,u1_0.password,u1_0.pincode,u1_0.role,u1_0.state from users u1_0 where u1_0.email=?
Hibernate: select s1_0.id,s1_0.city,s1_0.day1,s1_0.day2,s1_0.day3,s1_0.day4,s1_0.day5,s1_0.day6,s1_0.day7,s1_0.description,s1_0.image_url,s1_0.name,s1_0.plan_type,s1_0.price15,s1_0.price30,s1_0.price7,s1_0.vendor_id from subscriptions s1_0 where s1_0.vendor_id=?
Hibernate: select u1_0.id,u1_0.address_line,u1_0.city,u1_0.email,u1_0.mobile,u1_0.name,u1_0.password,u1_0.pincode,u1_0.role,u1_0.state from users u1_0 where u1_0.id=?
Found 1 subscriptions for vendor: vendor@mealmaster.com
Hibernate: select u1_0.id,u1_0.address_line,u1_0.city,u1_0.email,u1_0.mobile,u1_0.name,u1_0.password,u1_0.pincode,u1_0.role,u1_0.state from users u1_0 where u1_0.email=?
Hibernate: select s1_0.id,s1_0.city,s1_0.day1,s1_0.day2,s1_0.day3,s1_0.day4,s1_0.day5,s1_0.day6,s1_0.day7,s1_0.description,s1_0.image_url,s1_0.name,s1_0.plan_type,s1_0.price15,s1_0.price30,s1_0.price7,s1_0.vendor_id from subscriptions s1_0 where s1_0.vendor_id=?
Hibernate: select u1_0.id,u1_0.address_line,u1_0.city,u1_0.email,u1_0.mobile,u1_0.name,u1_0.password,u1_0.pincode,u1_0.role,u1_0.state from users u1_0 where u1_0.id=?
Found 1 subscriptions for vendor: vendor@mealmaster.com
Hibernate: select s1_0.id,s1_0.city,s1_0.day1,s1_0.day2,s1_0.day3,s1_0.day4,s1_0.day5,s1_0.day6,s1_0.day7,s1_0.description,s1_0.image_url,s1_0.name,s1_0.plan_type,s1_0.price15,s1_0.price30,s1_0.price7,s1_0.vendor_id from subscriptions s1_0 where upper(s1_0.city)=upper(?)
Hibernate: select s1_0.id,s1_0.city,s1_0.day1,s1_0.day2,s1_0.day3,s1_0.day4,s1_0.day5,s1_0.day6,s1_0.day7,s1_0.description,s1_0.image_url,s1_0.name,s1_0.plan_type,s1_0.price15,s1_0.price30,s1_0.price7,s1_0.vendor_id from subscriptions s1_0 where upper(s1_0.city)=upper(?)
Hibernate: select s1_0.id,s1_0.city,s1_0.day1,s1_0.day2,s1_0.day3,s1_0.day4,s1_0.day5,s1_0.day6,s1_0.day7,s1_0.description,s1_0.image_url,s1_0.name,s1_0.plan_type,s1_0.price15,s1_0.price30,s1_0.price7,s1_0.vendor_id from subscriptions s1_0 where upper(s1_0.city)=upper(?)
Hibernate: select s1_0.id,s1_0.city,s1_0.day1,s1_0.day2,s1_0.day3,s1_0.day4,s1_0.day5,s1_0.day6,s1_0.day7,s1_0.description,s1_0.image_url,s1_0.name,s1_0.plan_type,s1_0.price15,s1_0.price30,s1_0.price7,s1_0.vendor_id from subscriptions s1_0 where upper(s1_0.city)=upper(?)
Hibernate: select u1_0.id,u1_0.address_line,u1_0.city,u1_0.email,u1_0.mobile,u1_0.name,u1_0.password,u1_0.pincode,u1_0.role,u1_0.state from users u1_0 where u1_0.email=?
Hibernate: select s1_0.id,s1_0.city,s1_0.day1,s1_0.day2,s1_0.day3,s1_0.day4,s1_0.day5,s1_0.day6,s1_0.day7,s1_0.description,s1_0.image_url,s1_0.name,s1_0.plan_type,s1_0.price15,s1_0.price30,s1_0.price7,s1_0.vendor_id from subscriptions s1_0 where s1_0.vendor_id=?
Hibernate: select u1_0.id,u1_0.address_line,u1_0.city,u1_0.email,u1_0.mobile,u1_0.name,u1_0.password,u1_0.pincode,u1_0.role,u1_0.state from users u1_0 where u1_0.id=?
Found 1 subscriptions for vendor: vendor@mealmaster.com
Hibernate: select u1_0.id,u1_0.address_line,u1_0.city,u1_0.email,u1_0.mobile,u1_0.name,u1_0.password,u1_0.pincode,u1_0.role,u1_0.state from users u1_0 where u1_0.email=?
Hibernate: select s1_0.id,s1_0.city,s1_0.day1,s1_0.day2,s1_0.day3,s1_0.day4,s1_0.day5,s1_0.day6,s1_0.day7,s1_0.description,s1_0.image_url,s1_0.name,s1_0.plan_type,s1_0.price15,s1_0.price30,s1_0.price7,s1_0.vendor_id from subscriptions s1_0 where s1_0.vendor_id=?
Hibernate: select u1_0.id,u1_0.address_line,u1_0.city,u1_0.email,u1_0.mobile,u1_0.name,u1_0.password,u1_0.pincode,u1_0.role,u1_0.state from users u1_0 where u1_0.id=?
Found 1 subscriptions for vendor: vendor@mealmaster.com
Hibernate: select u1_0.id,u1_0.address_line,u1_0.city,u1_0.email,u1_0.mobile,u1_0.name,u1_0.password,u1_0.pincode,u1_0.role,u1_0.state from users u1_0 where u1_0.email=?
Hibernate: select o1_0.id,o1_0.address_line,o1_0.amount,o1_0.city,o1_0.duration,o1_0.end_date,o1_0.latitude,o1_0.longitude,o1_0.order_date,o1_0.payment_status,o1_0.pincode,o1_0.razorpay_order_id,o1_0.razorpay_payment_id,o1_0.start_date,o1_0.state,o1_0.status,o1_0.subscription_id,o1_0.user_id from orders o1_0 join subscriptions s1_0 on s1_0.id=o1_0.subscription_id where s1_0.vendor_id=?
Hibernate: select s1_0.id,s1_0.city,s1_0.day1,s1_0.day2,s1_0.day3,s1_0.day4,s1_0.day5,s1_0.day6,s1_0.day7,s1_0.description,s1_0.image_url,s1_0.name,s1_0.plan_type,s1_0.price15,s1_0.price30,s1_0.price7,v1_0.id,v1_0.address_line,v1_0.city,v1_0.email,v1_0.mobile,v1_0.name,v1_0.password,v1_0.pincode,v1_0.role,v1_0.state from subscriptions s1_0 left join users v1_0 on v1_0.id=s1_0.vendor_id where s1_0.id=?
Hibernate: select u1_0.id,u1_0.address_line,u1_0.city,u1_0.email,u1_0.mobile,u1_0.name,u1_0.password,u1_0.pincode,u1_0.role,u1_0.state from users u1_0 where u1_0.id=?
Vendor: vendor@mealmaster.com fetched 1 orders.
Order ID: 1 - Lat: 19.079325489073923, Lng: 73.07513636063491
Hibernate: select u1_0.id,u1_0.address_line,u1_0.city,u1_0.email,u1_0.mobile,u1_0.name,u1_0.password,u1_0.pincode,u1_0.role,u1_0.state from users u1_0 where u1_0.email=?
Hibernate: select o1_0.id,o1_0.address_line,o1_0.amount,o1_0.city,o1_0.duration,o1_0.end_date,o1_0.latitude,o1_0.longitude,o1_0.order_date,o1_0.payment_status,o1_0.pincode,o1_0.razorpay_order_id,o1_0.razorpay_payment_id,o1_0.start_date,o1_0.state,o1_0.status,o1_0.subscription_id,o1_0.user_id from orders o1_0 join subscriptions s1_0 on s1_0.id=o1_0.subscription_id where s1_0.vendor_id=?
Hibernate: select s1_0.id,s1_0.city,s1_0.day1,s1_0.day2,s1_0.day3,s1_0.day4,s1_0.day5,s1_0.day6,s1_0.day7,s1_0.description,s1_0.image_url,s1_0.name,s1_0.plan_type,s1_0.price15,s1_0.price30,s1_0.price7,v1_0.id,v1_0.address_line,v1_0.city,v1_0.email,v1_0.mobile,v1_0.name,v1_0.password,v1_0.pincode,v1_0.role,v1_0.state from subscriptions s1_0 left join users v1_0 on v1_0.id=s1_0.vendor_id where s1_0.id=?
Hibernate: select u1_0.id,u1_0.address_line,u1_0.city,u1_0.email,u1_0.mobile,u1_0.name,u1_0.password,u1_0.pincode,u1_0.role,u1_0.state from users u1_0 where u1_0.id=?
Vendor: vendor@mealmaster.com fetched 1 orders.
Order ID: 1 - Lat: 19.079325489073923, Lng: 73.07513636063491
Hibernate: select s1_0.id,s1_0.city,s1_0.day1,s1_0.day2,s1_0.day3,s1_0.day4,s1_0.day5,s1_0.day6,s1_0.day7,s1_0.description,s1_0.image_url,s1_0.name,s1_0.plan_type,s1_0.price15,s1_0.price30,s1_0.price7,s1_0.vendor_id from subscriptions s1_0
Hibernate: select s1_0.id,s1_0.city,s1_0.day1,s1_0.day2,s1_0.day3,s1_0.day4,s1_0.day5,s1_0.day6,s1_0.day7,s1_0.description,s1_0.image_url,s1_0.name,s1_0.plan_type,s1_0.price15,s1_0.price30,s1_0.price7,s1_0.vendor_id from subscriptions s1_0
Hibernate: select u1_0.id,u1_0.address_line,u1_0.city,u1_0.email,u1_0.mobile,u1_0.name,u1_0.password,u1_0.pincode,u1_0.role,u1_0.state from users u1_0 where u1_0.id=?
Hibernate: select u1_0.id,u1_0.address_line,u1_0.city,u1_0.email,u1_0.mobile,u1_0.name,u1_0.password,u1_0.pincode,u1_0.role,u1_0.state from users u1_0 where u1_0.id=?
Hibernate: select s1_0.id,s1_0.city,s1_0.day1,s1_0.day2,s1_0.day3,s1_0.day4,s1_0.day5,s1_0.day6,s1_0.day7,s1_0.description,s1_0.image_url,s1_0.name,s1_0.plan_type,s1_0.price15,s1_0.price30,s1_0.price7,s1_0.vendor_id from subscriptions s1_0
Hibernate: select s1_0.id,s1_0.city,s1_0.day1,s1_0.day2,s1_0.day3,s1_0.day4,s1_0.day5,s1_0.day6,s1_0.day7,s1_0.description,s1_0.image_url,s1_0.name,s1_0.plan_type,s1_0.price15,s1_0.price30,s1_0.price7,s1_0.vendor_id from subscriptions s1_0
Hibernate: select u1_0.id,u1_0.address_line,u1_0.city,u1_0.email,u1_0.mobile,u1_0.name,u1_0.password,u1_0.pincode,u1_0.role,u1_0.state from users u1_0 where u1_0.id=?
Hibernate: select u1_0.id,u1_0.address_line,u1_0.city,u1_0.email,u1_0.mobile,u1_0.name,u1_0.password,u1_0.pincode,u1_0.role,u1_0.state from users u1_0 where u1_0.id=?
Fetching reviews for subscription ID: 1
Hibernate: select s1_0.id,s1_0.city,s1_0.day1,s1_0.day2,s1_0.day3,s1_0.day4,s1_0.day5,s1_0.day6,s1_0.day7,s1_0.description,s1_0.image_url,s1_0.name,s1_0.plan_type,s1_0.price15,s1_0.price30,s1_0.price7,v1_0.id,v1_0.address_line,v1_0.city,v1_0.email,v1_0.mobile,v1_0.name,v1_0.password,v1_0.pincode,v1_0.role,v1_0.state from subscriptions s1_0 left join users v1_0 on v1_0.id=s1_0.vendor_id where s1_0.id=?
Hibernate: select s1_0.id,s1_0.city,s1_0.day1,s1_0.day2,s1_0.day3,s1_0.day4,s1_0.day5,s1_0.day6,s1_0.day7,s1_0.description,s1_0.image_url,s1_0.name,s1_0.plan_type,s1_0.price15,s1_0.price30,s1_0.price7,v1_0.id,v1_0.address_line,v1_0.city,v1_0.email,v1_0.mobile,v1_0.name,v1_0.password,v1_0.pincode,v1_0.role,v1_0.state from subscriptions s1_0 left join users v1_0 on v1_0.id=s1_0.vendor_id where s1_0.id=?
Fetching reviews for subscription ID: 1
Hibernate: select r1_0.id,r1_0.comment,r1_0.created_at,r1_0.food_image_url,r1_0.rating,r1_0.subscription_id,r1_0.user_id from reviews r1_0 where r1_0.subscription_id=? order by r1_0.created_at desc
Hibernate: select r1_0.id,r1_0.comment,r1_0.created_at,r1_0.food_image_url,r1_0.rating,r1_0.subscription_id,r1_0.user_id from reviews r1_0 where r1_0.subscription_id=? order by r1_0.created_at desc
Found 0 reviews
Found 0 reviews
Hibernate: select u1_0.id,u1_0.address_line,u1_0.city,u1_0.email,u1_0.mobile,u1_0.name,u1_0.password,u1_0.pincode,u1_0.role,u1_0.state from users u1_0 where u1_0.email=?
Hibernate: select o1_0.id,o1_0.address_line,o1_0.amount,o1_0.city,o1_0.duration,o1_0.end_date,o1_0.latitude,o1_0.longitude,o1_0.order_date,o1_0.payment_status,o1_0.pincode,o1_0.razorpay_order_id,o1_0.razorpay_payment_id,o1_0.start_date,o1_0.state,o1_0.status,o1_0.subscription_id,o1_0.user_id from orders o1_0 where o1_0.user_id=?
Hibernate: select s1_0.id,s1_0.city,s1_0.day1,s1_0.day2,s1_0.day3,s1_0.day4,s1_0.day5,s1_0.day6,s1_0.day7,s1_0.description,s1_0.image_url,s1_0.name,s1_0.plan_type,s1_0.price15,s1_0.price30,s1_0.price7,v1_0.id,v1_0.address_line,v1_0.city,v1_0.email,v1_0.mobile,v1_0.name,v1_0.password,v1_0.pincode,v1_0.role,v1_0.state from subscriptions s1_0 left join users v1_0 on v1_0.id=s1_0.vendor_id where s1_0.id=?
Hibernate: select u1_0.id,u1_0.address_line,u1_0.city,u1_0.email,u1_0.mobile,u1_0.name,u1_0.password,u1_0.pincode,u1_0.role,u1_0.state from users u1_0 where u1_0.id=?
Found 1 orders for user: user@mealmaster.com
Hibernate: select u1_0.id,u1_0.address_line,u1_0.city,u1_0.email,u1_0.mobile,u1_0.name,u1_0.password,u1_0.pincode,u1_0.role,u1_0.state from users u1_0 where u1_0.email=?
Hibernate: select o1_0.id,o1_0.address_line,o1_0.amount,o1_0.city,o1_0.duration,o1_0.end_date,o1_0.latitude,o1_0.longitude,o1_0.order_date,o1_0.payment_status,o1_0.pincode,o1_0.razorpay_order_id,o1_0.razorpay_payment_id,o1_0.start_date,o1_0.state,o1_0.status,o1_0.subscription_id,o1_0.user_id from orders o1_0 where o1_0.user_id=?
Hibernate: select s1_0.id,s1_0.city,s1_0.day1,s1_0.day2,s1_0.day3,s1_0.day4,s1_0.day5,s1_0.day6,s1_0.day7,s1_0.description,s1_0.image_url,s1_0.name,s1_0.plan_type,s1_0.price15,s1_0.price30,s1_0.price7,v1_0.id,v1_0.address_line,v1_0.city,v1_0.email,v1_0.mobile,v1_0.name,v1_0.password,v1_0.pincode,v1_0.role,v1_0.state from subscriptions s1_0 left join users v1_0 on v1_0.id=s1_0.vendor_id where s1_0.id=?
Hibernate: select u1_0.id,u1_0.address_line,u1_0.city,u1_0.email,u1_0.mobile,u1_0.name,u1_0.password,u1_0.pincode,u1_0.role,u1_0.state from users u1_0 where u1_0.id=?
Found 1 orders for user: user@mealmaster.com
Hibernate: select s1_0.id,s1_0.city,s1_0.day1,s1_0.day2,s1_0.day3,s1_0.day4,s1_0.day5,s1_0.day6,s1_0.day7,s1_0.description,s1_0.image_url,s1_0.name,s1_0.plan_type,s1_0.price15,s1_0.price30,s1_0.price7,s1_0.vendor_id from subscriptions s1_0 where upper(s1_0.city)=upper(?)
Hibernate: select s1_0.id,s1_0.city,s1_0.day1,s1_0.day2,s1_0.day3,s1_0.day4,s1_0.day5,s1_0.day6,s1_0.day7,s1_0.description,s1_0.image_url,s1_0.name,s1_0.plan_type,s1_0.price15,s1_0.price30,s1_0.price7,s1_0.vendor_id from subscriptions s1_0 where upper(s1_0.city)=upper(?)
Hibernate: select s1_0.id,s1_0.city,s1_0.day1,s1_0.day2,s1_0.day3,s1_0.day4,s1_0.day5,s1_0.day6,s1_0.day7,s1_0.description,s1_0.image_url,s1_0.name,s1_0.plan_type,s1_0.price15,s1_0.price30,s1_0.price7,s1_0.vendor_id from subscriptions s1_0 where upper(s1_0.city)=upper(?)
Hibernate: select s1_0.id,s1_0.city,s1_0.day1,s1_0.day2,s1_0.day3,s1_0.day4,s1_0.day5,s1_0.day6,s1_0.day7,s1_0.description,s1_0.image_url,s1_0.name,s1_0.plan_type,s1_0.price15,s1_0.price30,s1_0.price7,s1_0.vendor_id from subscriptions s1_0 where upper(s1_0.city)=upper(?)
Hibernate: select s1_0.id,s1_0.city,s1_0.day1,s1_0.day2,s1_0.day3,s1_0.day4,s1_0.day5,s1_0.day6,s1_0.day7,s1_0.description,s1_0.image_url,s1_0.name,s1_0.plan_type,s1_0.price15,s1_0.price30,s1_0.price7,s1_0.vendor_id from subscriptions s1_0 where upper(s1_0.city)=upper(?)
Hibernate: select s1_0.id,s1_0.city,s1_0.day1,s1_0.day2,s1_0.day3,s1_0.day4,s1_0.day5,s1_0.day6,s1_0.day7,s1_0.description,s1_0.image_url,s1_0.name,s1_0.plan_type,s1_0.price15,s1_0.price30,s1_0.price7,s1_0.vendor_id from subscriptions s1_0
Hibernate: select u1_0.id,u1_0.address_line,u1_0.city,u1_0.email,u1_0.mobile,u1_0.name,u1_0.password,u1_0.pincode,u1_0.role,u1_0.state from users u1_0 where u1_0.id=?
Hibernate: select u1_0.id,u1_0.address_line,u1_0.city,u1_0.email,u1_0.mobile,u1_0.name,u1_0.password,u1_0.pincode,u1_0.role,u1_0.state from users u1_0 where u1_0.email=?
Hibernate: select o1_0.id,o1_0.address_line,o1_0.amount,o1_0.city,o1_0.duration,o1_0.end_date,o1_0.latitude,o1_0.longitude,o1_0.order_date,o1_0.payment_status,o1_0.pincode,o1_0.razorpay_order_id,o1_0.razorpay_payment_id,o1_0.start_date,o1_0.state,o1_0.status,o1_0.subscription_id,o1_0.user_id from orders o1_0 where o1_0.user_id=?
Hibernate: select s1_0.id,s1_0.city,s1_0.day1,s1_0.day2,s1_0.day3,s1_0.day4,s1_0.day5,s1_0.day6,s1_0.day7,s1_0.description,s1_0.image_url,s1_0.name,s1_0.plan_type,s1_0.price15,s1_0.price30,s1_0.price7,v1_0.id,v1_0.address_line,v1_0.city,v1_0.email,v1_0.mobile,v1_0.name,v1_0.password,v1_0.pincode,v1_0.role,v1_0.state from subscriptions s1_0 left join users v1_0 on v1_0.id=s1_0.vendor_id where s1_0.id=?
Hibernate: select u1_0.id,u1_0.address_line,u1_0.city,u1_0.email,u1_0.mobile,u1_0.name,u1_0.password,u1_0.pincode,u1_0.role,u1_0.state from users u1_0 where u1_0.id=?
Found 1 orders for user: user@mealmaster.com
Hibernate: select u1_0.id,u1_0.address_line,u1_0.city,u1_0.email,u1_0.mobile,u1_0.name,u1_0.password,u1_0.pincode,u1_0.role,u1_0.state from users u1_0 where u1_0.email=?
Hibernate: select o1_0.id,o1_0.address_line,o1_0.amount,o1_0.city,o1_0.duration,o1_0.end_date,o1_0.latitude,o1_0.longitude,o1_0.order_date,o1_0.payment_status,o1_0.pincode,o1_0.razorpay_order_id,o1_0.razorpay_payment_id,o1_0.start_date,o1_0.state,o1_0.status,o1_0.subscription_id,o1_0.user_id from orders o1_0 where o1_0.user_id=?
Hibernate: select s1_0.id,s1_0.city,s1_0.day1,s1_0.day2,s1_0.day3,s1_0.day4,s1_0.day5,s1_0.day6,s1_0.day7,s1_0.description,s1_0.image_url,s1_0.name,s1_0.plan_type,s1_0.price15,s1_0.price30,s1_0.price7,v1_0.id,v1_0.address_line,v1_0.city,v1_0.email,v1_0.mobile,v1_0.name,v1_0.password,v1_0.pincode,v1_0.role,v1_0.state from subscriptions s1_0 left join users v1_0 on v1_0.id=s1_0.vendor_id where s1_0.id=?
Hibernate: select u1_0.id,u1_0.address_line,u1_0.city,u1_0.email,u1_0.mobile,u1_0.name,u1_0.password,u1_0.pincode,u1_0.role,u1_0.state from users u1_0 where u1_0.id=?
Found 1 orders for user: user@mealmaster.com
Hibernate: select u1_0.id,u1_0.address_line,u1_0.city,u1_0.email,u1_0.mobile,u1_0.name,u1_0.password,u1_0.pincode,u1_0.role,u1_0.state from users u1_0 where u1_0.email=?
Hibernate: select o1_0.id,o1_0.address_line,o1_0.amount,o1_0.city,o1_0.duration,o1_0.end_date,o1_0.latitude,o1_0.longitude,o1_0.order_date,o1_0.payment_status,o1_0.pincode,o1_0.razorpay_order_id,o1_0.razorpay_payment_id,o1_0.start_date,o1_0.state,o1_0.status,o1_0.subscription_id,o1_0.user_id from orders o1_0 where o1_0.user_id=?
Hibernate: select s1_0.id,s1_0.city,s1_0.day1,s1_0.day2,s1_0.day3,s1_0.day4,s1_0.day5,s1_0.day6,s1_0.day7,s1_0.description,s1_0.image_url,s1_0.name,s1_0.plan_type,s1_0.price15,s1_0.price30,s1_0.price7,v1_0.id,v1_0.address_line,v1_0.city,v1_0.email,v1_0.mobile,v1_0.name,v1_0.password,v1_0.pincode,v1_0.role,v1_0.state from subscriptions s1_0 left join users v1_0 on v1_0.id=s1_0.vendor_id where s1_0.id=?
Hibernate: select u1_0.id,u1_0.address_line,u1_0.city,u1_0.email,u1_0.mobile,u1_0.name,u1_0.password,u1_0.pincode,u1_0.role,u1_0.state from users u1_0 where u1_0.id=?
Found 1 orders for user: user@mealmaster.com
Hibernate: select u1_0.id,u1_0.address_line,u1_0.city,u1_0.email,u1_0.mobile,u1_0.name,u1_0.password,u1_0.pincode,u1_0.role,u1_0.state from users u1_0 where u1_0.email=?
Hibernate: select o1_0.id,o1_0.address_line,o1_0.amount,o1_0.city,o1_0.duration,o1_0.end_date,o1_0.latitude,o1_0.longitude,o1_0.order_date,o1_0.payment_status,o1_0.pincode,o1_0.razorpay_order_id,o1_0.razorpay_payment_id,o1_0.start_date,o1_0.state,o1_0.status,o1_0.subscription_id,o1_0.user_id from orders o1_0 where o1_0.user_id=?
Hibernate: select s1_0.id,s1_0.city,s1_0.day1,s1_0.day2,s1_0.day3,s1_0.day4,s1_0.day5,s1_0.day6,s1_0.day7,s1_0.description,s1_0.image_url,s1_0.name,s1_0.plan_type,s1_0.price15,s1_0.price30,s1_0.price7,v1_0.id,v1_0.address_line,v1_0.city,v1_0.email,v1_0.mobile,v1_0.name,v1_0.password,v1_0.pincode,v1_0.role,v1_0.state from subscriptions s1_0 left join users v1_0 on v1_0.id=s1_0.vendor_id where s1_0.id=?
Hibernate: select u1_0.id,u1_0.address_line,u1_0.city,u1_0.email,u1_0.mobile,u1_0.name,u1_0.password,u1_0.pincode,u1_0.role,u1_0.state from users u1_0 where u1_0.id=?
Found 1 orders for user: user@mealmaster.com
2026-01-30T00:53:42.590+05:30  INFO 52144 --- [mealmaster-backend] [ionShutdownHook] j.LocalContainerEntityManagerFactoryBean : Closing JPA EntityManagerFactory for persistence unit 'default'
2026-01-30T00:53:42.601+05:30  INFO 52144 --- [mealmaster-backend] [ionShutdownHook] com.zaxxer.hikari.HikariDataSource       : HikariPool-1 - Shutdown initiated...
2026-01-30T00:53:42.616+05:30  INFO 52144 --- [mealmaster-backend] [ionShutdownHook] com.zaxxer.hikari.HikariDataSource       : HikariPool-1 - Shutdown completed.
